../Core/Src/main.c:72:5:main	64	static
../Core/Src/main.c:135:6:SystemClock_Config	88	static
../Core/Src/main.c:180:13:MX_ADC1_Init	24	static
../Core/Src/main.c:225:13:MX_TIM2_Init	32	static
../Core/Src/main.c:270:13:MX_USART2_UART_Init	8	static
../Core/Src/main.c:303:13:MX_GPIO_Init	32	static
../Core/Src/main.c:334:6:Read_Value	64	static
../Core/Src/main.c:339:6:HAL_TIM_PeriodElapsedCallback	16	static
../Core/Src/main.c:343:6:HAL_UART_RxCpltCallback	16	static
../Core/Src/main.c:358:6:Error_Handler	4	static,ignoring_inline_asm
